Microsoft (R) Macro Assembler Version 12.00.30501.0	    12/07/14 19:02:25
Encryption UI (Encrypt_UI.asm				     Page 1 - 1


				TITLE Encryption UI (Encrypt_UI.asm)
				; Description:
				; Revision Date:

				INCLUDE Irvine32.inc
			      C ; Include file for Irvine32.lib             (Irvine32.inc)
			      C 
			      C ;OPTION CASEMAP:NONE		; optional: make identifiers case-sensitive
			      C 
			      C INCLUDE SmallWin.inc		; MS-Windows prototypes, structures, and constants
			      C .NOLIST
			      C .LIST
			      C 
			      C INCLUDE VirtualKeys.inc
			      C ; VirtualKeys.inc
			      C .NOLIST
			      C .LIST
			      C 
			      C 
			      C .NOLIST
			      C .LIST
			      C 

 00000000			.data

 = 00003A98			BUFFER = 15000					; Buffer for input file. Large enough to prevent overflow

				COMMENT !
				---------------------------------
				Error messages for openning file
				and reading the file.
				---------------------------------
				!

 00000000 45 72 72 6F 72	inputError	BYTE "Error: File did not open!", 0
	   3A 20 46 69 6C
	   65 20 64 69 64
	   20 6E 6F 74 20
	   6F 70 65 6E 21
	   00
 0000001A 45 72 72 6F 72	readinError BYTE "Error: Cannot read from file!", 0
	   3A 20 43 61 6E
	   6E 6F 74 20 72
	   65 61 64 20 66
	   72 6F 6D 20 66
	   69 6C 65 21 00
 00000038 45 72 72 6F 72	writeError	BYTE "Error: Cannot write to file!", 0
	   3A 20 43 61 6E
	   6E 6F 74 20 77
	   72 69 74 65 20
	   74 6F 20 66 69
	   6C 65 21 00

				COMMENT &
				---------------------------------
				Prompt for decrypt or encrypt
				Prompt for encryption keys.
				Separate n, e and d values
				---------------------------------
				&
 00000055 45 6E 74 65 72	cPrompt		BYTE "Enter (0) for Encryption or (1) for Decryption: ", 0
	   20 28 30 29 20
	   66 6F 72 20 45
	   6E 63 72 79 70
	   74 69 6F 6E 20
	   6F 72 20 28 31
	   29 20 66 6F 72
	   20 44 65 63 72
	   79 70 74 69 6F
	   6E 3A 20 00
 00000086 45 6E 74 65 72	nPrompt		BYTE "Enter n value of the key: ", 0
	   20 6E 20 76 61
	   6C 75 65 20 6F
	   66 20 74 68 65
	   20 6B 65 79 3A
	   20 00
 000000A1 45 6E 74 65 72	multPrompt	BYTE "Enter value for multiplier: ", 0
	   20 76 61 6C 75
	   65 20 66 6F 72
	   20 6D 75 6C 74
	   69 70 6C 69 65
	   72 3A 20 00
 000000BE 45 6E 74 65 72	countPrompt	BYTE "Enter value for counter: ", 0
	   20 76 61 6C 75
	   65 20 66 6F 72
	   20 63 6F 75 6E
	   74 65 72 3A 20
	   00
 000000D8 45 6E 74 65 72	seedPrompt	BYTE "Enter value for seed: ", 0
	   20 76 61 6C 75
	   65 20 66 6F 72
	   20 73 65 65 64
	   3A 20 00
 000000EF 45 6E 74 65 72	ePrompt	BYTE "Enter e value of the key: ", 0
	   20 65 20 76 61
	   6C 75 65 20 6F
	   66 20 74 68 65
	   20 6B 65 79 3A
	   20 00
 0000010A 45 6E 74 65 72	dPrompt	BYTE "Enter d value of the key: ", 0				;prompt only when decrypting(could be avoided if we store encrytion key values in a file)
	   20 64 20 76 61
	   6C 75 65 20 6F
	   66 20 74 68 65
	   20 6B 65 79 3A
	   20 00

 00000125 00			choice		BYTE ?

				COMMENT %
				---------------------------------
				Store public and private key for
				encryption.
				---------------------------------
				%

 00000126 00000000		nValue		DWORD ?
 0000012A 00000000		encryptKey	DWORD ?
 0000012E 00000000		decryptKey	DWORD ?


				COMMENT $
				---------------------------------
				Allocated memory for the input
				file portion of the program
				---------------------------------
				$

 00000132 45 6E 74 65 72	inFilePrompt	BYTE "Enter the input file name: ", 0
	   20 74 68 65 20
	   69 6E 70 75 74
	   20 66 69 6C 65
	   20 6E 61 6D 65
	   3A 20 00
 0000014E  0000001E [		iBuffer			BYTE 30 DUP(?)
	    00
	   ]
 0000016C 00000000		iByteCount		DWORD ?
 00000170 00000000		inFileName		DWORD ?
 00000174 00000000		fileHandle		DWORD ?

				COMMENT &
				---------------------------------
				Allocated memory for the output
				file portion of the program
				---------------------------------
				&

 00000178 45 6E 74 65 72	outFilePrompt	BYTE "Enter desired output file name: ", 0
	   20 64 65 73 69
	   72 65 64 20 6F
	   75 74 70 75 74
	   20 66 69 6C 65
	   20 6E 61 6D 65
	   3A 20 00
 00000199  0000001E [		oBuffer			BYTE 30 DUP(?)
	    00
	   ]
 000001B7 00000000		outFilename		DWORD ?

				COMMENT !
				--------------------------------
				Allocated memory for input file
				data and data manipulation for
				encryption
				--------------------------------
				!

 000001BB  00003A98 [		fileData	BYTE	BUFFER DUP(?)
	    00
	   ]
				align		DWORD
 00003C54  00003A98 [		manipData	BYTE	BUFFER DUP(?)
	    00
	   ]
				align		DWORD


				COMMENT $
				---------------------------------
				Values for Random Generator
				---------------------------------
				$
 000076EC 00000005		T DWORD 5
 000076F0 0000000D		K DWORD 13
 000076F4 00000047		R0 DWORD 71

 00000000			.code
 00000000			main PROC

				COMMENT %
				---------------------------------------
				Prompt the user for either encryption
				or decryption.
				---------------------------------------
				%

 00000000			Initial:
 00000000  BA 00000055 R	mov edx, OFFSET cPrompt
 00000005  E8 00000000 E	call WriteString
 0000000A  E8 00000000 E	call ReadInt
 0000000F  83 F8 01		cmp eax, 1


 00000012  0F 84 00000113	je Decrypt

				COMMENT $
				--------------------------------------
				Prompt the user for n value of the key
				and e value of the key
				--------------------------------------
				$

 00000018  BA 00000086 R	mov edx, OFFSET nPrompt
 0000001D  E8 00000000 E	call WriteString
 00000022  E8 00000000 E	call ReadInt
 00000027  A3 00000126 R	mov nValue, eax

 0000002C  BA 000000EF R	mov edx, OFFSET ePrompt
 00000031  E8 00000000 E	call WriteString
 00000036  E8 00000000 E	call ReadInt
 0000003B  A3 0000012A R	mov encryptKey, eax

				COMMENT &
				------------------------------------
				Prompt user for the input file name
				and store the file name
				------------------------------------
				&

 00000040  BA 00000132 R	mov edx, OFFSET inFilePrompt
 00000045  E8 00000000 E	call WriteString
 0000004A  BA 0000014E R	mov edx, OFFSET iBuffer
 0000004F  B9 0000001E		mov ecx, SIZEOF iBuffer
 00000054  E8 00000000 E	call ReadString
 00000059  A3 0000016C R	mov iByteCount, eax
 0000005E  89 15 00000170 R	mov inFileName, edx

				COMMENT !
				------------------------------------
				Prompt user for the output file name
				and store the file name
				------------------------------------
				!

 00000064  BA 00000178 R	mov edx, OFFSET outFilePrompt
 00000069  E8 00000000 E	call WriteString
 0000006E  BA 00000199 R	mov edx, OFFSET oBuffer
 00000073  B9 0000001E		mov ecx, SIZEOF oBuffer
 00000078  E8 00000000 E	call ReadString
 0000007D  A3 0000016C R	mov iByteCount, eax
 00000082  89 15 000001B7 R	mov outFilename, edx

				COMMENT %
				-------------------------------------
				Open user define file input
				-------------------------------------
				%

 00000088  8B 15 00000170 R	mov edx, inFileName
 0000008E  E8 00000000 E	call OpenInputFile
 00000093  83 F8 FF		cmp eax, INVALID_HANDLE_VALUE
 00000096  0F 84 0000019E	je OpenFileError
 0000009C  A3 00000174 R	mov fileHandle, eax

				COMMENT $
				------------------------------------
				Read from file
				------------------------------------
				$

 000000A1  A1 00000174 R	mov eax, fileHandle
 000000A6  BA 000001BB R	mov edx, OFFSET fileData
 000000AB  B9 00003A98		mov ecx, BUFFER
 000000B0  E8 00000000 E	call ReadFromFile
 000000B5  0F 82 00000193	jc	file_readError
 000000BB  A3 0000016C R	mov iByteCount, eax

 000000C0  A1 00000174 R	mov eax, fileHandle
 000000C5  E8 00000000 E	call CloseFile


				COMMENT &
				-------------------------------------
				call Encryption PROC here
				-------------------------------------
				&

 000000CA  FF 35 000076EC R		push T						; counter
 000000D0  FF 35 0000016C R		push iByteCount
 000000D6  68 000001BB R		push OFFSET fileData
 000000DB  FF 35 000076F4 R		push R0						; seed
 000000E1  68 00003C54 R		push OFFSET manipData
 000000E6  FF 35 000076F0 R		push K						; multiplier

 000000EC  E8 00000185			call PseudoRandEncrypt

				COMMENT !
				------------------------------------
				Create file and write to file
				------------------------------------
				!

 000000F1  BA 00000199 R	mov edx, OFFSET oBuffer
 000000F6  E8 00000000 E	call CreateOutputFile
 000000FB  A3 00000174 R	mov fileHandle, eax
 00000100  BA 00003C54 R	mov edx, OFFSET manipData
 00000105  B9 00003A98		mov ecx, BUFFER
 0000010A  E8 00000000 E	call WriteToFile
 0000010F  0F 82 0000014D	jc writeFalse_Error
 00000115  A3 0000016C R	mov iByteCount, eax

 0000011A  A1 00000174 R	mov eax, fileHandle
 0000011F  E8 00000000 E	call CloseFile

				exit
 00000124  6A 00	   *	    push   +000000000h
 00000126  E8 00000000 E   *	    call   ExitProcess




 0000012B			Decrypt:

 0000012B  BA 00000086 R	mov edx, OFFSET nPrompt
 00000130  E8 00000000 E	call WriteString
 00000135  E8 00000000 E	call ReadInt
 0000013A  A3 00000126 R	mov nValue, eax

 0000013F  BA 0000010A R	mov edx, OFFSET dPrompt
 00000144  E8 00000000 E	call WriteString
 00000149  E8 00000000 E	call ReadInt
 0000014E  A3 0000012E R	mov decryptKey, eax

				COMMENT &
				------------------------------------
				Prompt user for the input file name
				and store the file name
				------------------------------------
				&

 00000153  BA 00000132 R	mov edx, OFFSET inFilePrompt
 00000158  E8 00000000 E	call WriteString
 0000015D  BA 0000014E R	mov edx, OFFSET iBuffer
 00000162  B9 0000001E		mov ecx, SIZEOF iBuffer
 00000167  E8 00000000 E	call ReadString
 0000016C  A3 0000016C R	mov iByteCount, eax
 00000171  89 15 00000170 R	mov inFileName, edx

				COMMENT !
				------------------------------------
				Prompt user for the output file name
				and store the file name
				------------------------------------
				!

 00000177  BA 00000178 R	mov edx, OFFSET outFilePrompt
 0000017C  E8 00000000 E	call WriteString
 00000181  BA 00000199 R	mov edx, OFFSET oBuffer
 00000186  B9 0000001E		mov ecx, SIZEOF oBuffer
 0000018B  E8 00000000 E	call ReadString
 00000190  A3 0000016C R	mov iByteCount, eax
 00000195  89 15 000001B7 R	mov outFilename, edx

				COMMENT %
				-------------------------------------
				Open user define file input
				-------------------------------------
				%

 0000019B  8B 15 00000170 R	mov edx, inFileName
 000001A1  E8 00000000 E	call OpenInputFile
 000001A6  83 F8 FF		cmp eax, INVALID_HANDLE_VALUE
 000001A9  0F 84 0000008B	je OpenFileError
 000001AF  A3 00000174 R	mov fileHandle, eax

				COMMENT $
				------------------------------------
				Read from file
				------------------------------------
				$

 000001B4  A1 00000174 R	mov eax, fileHandle
 000001B9  BA 000001BB R	mov edx, OFFSET fileData
 000001BE  B9 00003A98		mov ecx, BUFFER
 000001C3  E8 00000000 E	call ReadFromFile
 000001C8  0F 82 00000080	jc	file_readError
 000001CE  A3 0000016C R	mov iByteCount, eax

 000001D3  A1 00000174 R	mov eax, fileHandle
 000001D8  E8 00000000 E	call CloseFile

				COMMENT &
				-------------------------------------
				call Decryption PROC here
				-------------------------------------
				&

 000001DD  FF 35 000076EC R		push T						; counter
 000001E3  FF 35 0000016C R		push iByteCount
 000001E9  68 000001BB R		push OFFSET fileData
 000001EE  FF 35 000076F4 R		push R0						; seed
 000001F4  68 00003C54 R		push OFFSET manipData
 000001F9  FF 35 000076F0 R		push K						; multiplier

 000001FF  E8 000000B4			call PseudoRandDecrypt

				COMMENT !
				------------------------------------
				Create file and write to file
				------------------------------------
				!

 00000204  BA 00000199 R	mov edx, OFFSET oBuffer
 00000209  E8 00000000 E	call CreateOutputFile
 0000020E  A3 00000174 R	mov fileHandle, eax
 00000213  BA 00003C54 R	mov edx, OFFSET manipData
 00000218  B9 00003A98		mov ecx, BUFFER
 0000021D  E8 00000000 E	call WriteToFile
 00000222  72 3E		jc writeFalse_Error
 00000224  A3 0000016C R	mov iByteCount, eax

 00000229  A1 00000174 R	mov eax, fileHandle
 0000022E  E8 00000000 E	call CloseFile

				exit
 00000233  6A 00	   *	    push   +000000000h
 00000235  E8 00000000 E   *	    call   ExitProcess


 0000023A			OpenFileError:
 0000023A  BA 00000000 R		mov edx, OFFSET inputError
 0000023F  E8 00000000 E		call WriteString
 00000244  E8 00000000 E		call Crlf
 00000249  E9 FFFFFDB2			jmp Initial							; goes to the beginning of the program

 0000024E			file_readError:
 0000024E  BA 0000001A R		mov edx, OFFSET readinError
 00000253  E8 00000000 E		call WriteString
 00000258  E8 00000000 E		call Crlf
 0000025D  E9 FFFFFD9E			jmp Initial							; goes to the beginning of the program

 00000262			writeFalse_Error:
 00000262  BA 00000038 R		mov edx, OFFSET writeError
 00000267  E8 00000000 E		call WriteString
 0000026C  E8 00000000 E		call Crlf
 00000271  E9 FFFFFD8A			jmp Initial

 00000276			main ENDP

				COMMENT !
				-----------------------------
				Encrytion procedure
				-----------------------------
				!

				;--------------------------------------------------------------------------------
 00000276			PseudoRandEncrypt PROC USES esi, _K:DWORD, _output:DWORD, _R0:DWORD, _input:DWORD, _MAX:DWORD, _T:DWORD
				;Generates a random integer between 0 and (MAX_NUM_CHAR - 1).
				;Recieves: _K: K constant, _output: OFFSET outputString, _R0: Seed
				;		   _input: OFFSET inputString, _MAX: Max number of characters, _T: T constant
				;Returns:
				;--------------------------------------------------------------------------------
 00000276  55		   *	    push   ebp
 00000277  8B EC	   *	    mov    ebp, esp
 00000279  56		   *	    push   esi
 0000027A  33 F6			xor esi, esi				;esi = 0

 0000027C  8B 45 10			mov eax, _R0
 0000027F  8B 5D 14			mov ebx, _input
 00000282  8B 4D 0C			mov ecx, _output

 00000285			L1:
 00000285  8B 55 08			mov edx, _K
 00000288  8B 7D 1C			mov edi, _T

 0000028B  F7 E2			mul edx						;edx:eax = R(0) * K
 0000028D  03 C7			add eax, edi				;edx:eax = (R(0) * K) + T
 0000028F  F7 75 18			div _MAX					;edx = ((R(0) * K) + T) % MAX_NUM_CHAR which is R(n)
 00000292  8B C2			mov eax, edx				;eax = "...see above..."

 00000294  8B F9			mov edi, ecx						;edi = OFFSET outputString
 00000296  03 F8			add edi, eax						;edi = OFFSET outputString + R(n)
 00000298  33 D2			xor edx, edx
 0000029A  8A 17			mov dl, BYTE PTR [edi]				;edx = the character at R(n) location in outputString

					;test edx, 110					;test with " " which is 20h which is 00100000b
					;jnz ShouldWeLoop					;lets jump if there is something other than an empty space

 0000029C  53				push ebx

 0000029D  51				push ecx							;Let's take the next letter from inputString and put it in outputString
 0000029E  33 C9			xor ecx, ecx
 000002A0  8A 0B			mov cl, BYTE PTR [ebx]
 000002A2  33 DB			xor ebx, ebx
 000002A4  8A D9			mov bl, cl
 000002A6  59				pop ecx

 000002A7  88 1F			mov [edi], bl
 000002A9  46				inc esi

 000002AA  5B				pop ebx
 000002AB  43				inc ebx

 000002AC			ShouldWeLoop:							;now check if esi == MAX_NUM_CHAR then {we are done} else {loop again}
 000002AC  3B 75 18			cmp esi, _MAX
 000002AF  74 02			je No
 000002B1  EB D2			jmp L1
 000002B3			No:
					ret
 000002B3  5E		   *	    pop    esi
 000002B4  C9		   *	    leave  
 000002B5  C2 0018	   *	    ret    00018h
 000002B8			PseudoRandEncrypt ENDP

 000002B8			Encryption PROC

 000002B8			Encryption ENDP


				COMMENT %
				-----------------------------
				Decryption procedure
				-----------------------------
				%

				;--------------------------------------------------------------------------------
 000002B8			PseudoRandDecrypt PROC USES esi, _K:DWORD, _output:DWORD, _R0:DWORD, _input:DWORD, _MAX:DWORD, _T:DWORD
				;Generates random integers between 0 and (MAX_NUM_CHAR - 1) & decrypts a string.
				;Recieves: _K: K constant, _output: OFFSET outputString, _R0: Seed
				;		   _input: OFFSET inputString, _MAX: Max number of characters, _T: T constant
				;Returns:
				;--------------------------------------------------------------------------------
 000002B8  55		   *	    push   ebp
 000002B9  8B EC	   *	    mov    ebp, esp
 000002BB  56		   *	    push   esi
 000002BC  33 F6			xor esi, esi				;esi = 0

 000002BE  8B 45 10			mov eax, _R0
 000002C1  8B 5D 0C			mov ebx, _output
 000002C4  8B 4D 14			mov ecx, _input

 000002C7			L1:
 000002C7  8B 55 08			mov edx, _K
 000002CA  8B 7D 1C			mov edi, _T

 000002CD  F7 E2			mul edx						;edx:eax = R(0) * K
 000002CF  03 C7			add eax, edi				;edx:eax = (R(0) * K) + T
 000002D1  F7 75 18			div _MAX					;edx = ((R(0) * K) + T) % MAX_NUM_CHAR which is R(n)
 000002D4  8B C2			mov eax, edx				;eax = "...see above..."

 000002D6  8B F9			mov edi, ecx						;edi = OFFSET inputString
 000002D8  03 F8			add edi, eax						;edi = OFFSET inputString + R(n)

 000002DA  51				push ecx							;Let's take the next letter from inputString and put it in outputString
 000002DB  33 C9			xor ecx, ecx
 000002DD  8A 0F			mov cl, BYTE PTR [edi]

 000002DF  88 0B			mov [ebx], cl
 000002E1  46				inc esi
 000002E2  43				inc ebx

 000002E3  59				pop ecx

 000002E4			ShouldWeLoop:							;now check if esi == MAX_NUM_CHAR then {we are done} else {loop again}
 000002E4  3B 75 18			cmp esi, _MAX
 000002E7  74 02			je No
 000002E9  EB DC			jmp L1
 000002EB			No:
					ret
 000002EB  5E		   *	    pop    esi
 000002EC  C9		   *	    leave  
 000002ED  C2 0018	   *	    ret    00018h
 000002F0			PseudoRandDecrypt ENDP

 000002F0			Decryption PROC

 000002F0			Decryption ENDP

				END main
Microsoft (R) Macro Assembler Version 12.00.30501.0	    12/07/14 19:02:25
Encryption UI (Encrypt_UI.asm				     Symbols 2 - 1




Structures and Unions:

                N a m e                  Size
                                         Offset      Type

CONSOLE_CURSOR_INFO  . . . . . .	 00000008
  dwSize . . . . . . . . . . . .	 00000000	 DWord
  bVisible . . . . . . . . . . .	 00000004	 DWord
CONSOLE_SCREEN_BUFFER_INFO . . .	 00000016
  dwSize . . . . . . . . . . . .	 00000000	 DWord
  dwCursorPosition . . . . . . .	 00000004	 DWord
  wAttributes  . . . . . . . . .	 00000008	 Word
  srWindow . . . . . . . . . . .	 0000000A	 QWord
  dwMaximumWindowSize  . . . . .	 00000012	 DWord
COORD  . . . . . . . . . . . . .	 00000004
  X  . . . . . . . . . . . . . .	 00000000	 Word
  Y  . . . . . . . . . . . . . .	 00000002	 Word
FILETIME . . . . . . . . . . . .	 00000008
  loDateTime . . . . . . . . . .	 00000000	 DWord
  hiDateTime . . . . . . . . . .	 00000004	 DWord
FOCUS_EVENT_RECORD . . . . . . .	 00000004
  bSetFocus  . . . . . . . . . .	 00000000	 DWord
FPU_ENVIRON  . . . . . . . . . .	 0000001C
  controlWord  . . . . . . . . .	 00000000	 Word
  statusWord . . . . . . . . . .	 00000004	 Word
  tagWord  . . . . . . . . . . .	 00000008	 Word
  instrPointerOffset . . . . . .	 0000000C	 DWord
  instrPointerSelector . . . . .	 00000010	 DWord
  operandPointerOffset . . . . .	 00000014	 DWord
  operandPointerSelector . . . .	 00000018	 Word
INPUT_RECORD . . . . . . . . . .	 00000014
  EventType  . . . . . . . . . .	 00000000	 Word
  Event  . . . . . . . . . . . .	 00000004	 XmmWord
  bKeyDown . . . . . . . . . . .	 00000000	 DWord
  wRepeatCount . . . . . . . . .	 00000004	 Word
  wVirtualKeyCode  . . . . . . .	 00000006	 Word
  wVirtualScanCode . . . . . . .	 00000008	 Word
  uChar  . . . . . . . . . . . .	 0000000A	 Word
  UnicodeChar  . . . . . . . . .	 00000000	 Word
  AsciiChar  . . . . . . . . . .	 00000000	 Byte
  dwControlKeyState  . . . . . .	 0000000C	 DWord
  dwMousePosition  . . . . . . .	 00000000	 DWord
  dwButtonState  . . . . . . . .	 00000004	 DWord
  dwMouseControlKeyState . . . .	 00000008	 DWord
  dwEventFlags . . . . . . . . .	 0000000C	 DWord
  dwSize . . . . . . . . . . . .	 00000000	 DWord
  dwCommandId  . . . . . . . . .	 00000000	 DWord
  bSetFocus  . . . . . . . . . .	 00000000	 DWord
KEY_EVENT_RECORD . . . . . . . .	 00000010
  bKeyDown . . . . . . . . . . .	 00000000	 DWord
  wRepeatCount . . . . . . . . .	 00000004	 Word
  wVirtualKeyCode  . . . . . . .	 00000006	 Word
  wVirtualScanCode . . . . . . .	 00000008	 Word
  uChar  . . . . . . . . . . . .	 0000000A	 Word
  UnicodeChar  . . . . . . . . .	 00000000	 Word
  AsciiChar  . . . . . . . . . .	 00000000	 Byte
  dwControlKeyState  . . . . . .	 0000000C	 DWord
MENU_EVENT_RECORD  . . . . . . .	 00000004
  dwCommandId  . . . . . . . . .	 00000000	 DWord
MOUSE_EVENT_RECORD . . . . . . .	 00000010
  dwMousePosition  . . . . . . .	 00000000	 DWord
  dwButtonState  . . . . . . . .	 00000004	 DWord
  dwMouseControlKeyState . . . .	 00000008	 DWord
  dwEventFlags . . . . . . . . .	 0000000C	 DWord
SMALL_RECT . . . . . . . . . . .	 00000008
  Left . . . . . . . . . . . . .	 00000000	 Word
  Top  . . . . . . . . . . . . .	 00000002	 Word
  Right  . . . . . . . . . . . .	 00000004	 Word
  Bottom . . . . . . . . . . . .	 00000006	 Word
SYSTEMTIME . . . . . . . . . . .	 00000010
  wYear  . . . . . . . . . . . .	 00000000	 Word
  wMonth . . . . . . . . . . . .	 00000002	 Word
  wDayOfWeek . . . . . . . . . .	 00000004	 Word
  wDay . . . . . . . . . . . . .	 00000006	 Word
  wHour  . . . . . . . . . . . .	 00000008	 Word
  wMinute  . . . . . . . . . . .	 0000000A	 Word
  wSecond  . . . . . . . . . . .	 0000000C	 Word
  wMilliseconds  . . . . . . . .	 0000000E	 Word
WINDOW_BUFFER_SIZE_RECORD  . . .	 00000004
  dwSize . . . . . . . . . . . .	 00000000	 DWord


Segments and Groups:

                N a m e                 Size     Length   Align   Combine Class

FLAT . . . . . . . . . . . . . .	GROUP
STACK  . . . . . . . . . . . . .	32 Bit	 00001000 Para	  Stack	  'STACK'	 
_DATA  . . . . . . . . . . . . .	32 Bit	 000076F8 Para	  Public  'DATA'	
_TEXT  . . . . . . . . . . . . .	32 Bit	 000002F0 Para	  Public  'CODE'	


Procedures, parameters, and locals:

                N a m e                 Type     Value    Attr

CloseFile  . . . . . . . . . . .	P Near	 00000000 FLAT	Length= 00000000 External STDCALL
CloseHandle  . . . . . . . . . .	P Near	 00000000 FLAT	Length= 00000000 External STDCALL
Clrscr . . . . . . . . . . . . .	P Near	 00000000 FLAT	Length= 00000000 External STDCALL
CreateFileA  . . . . . . . . . .	P Near	 00000000 FLAT	Length= 00000000 External STDCALL
CreateOutputFile . . . . . . . .	P Near	 00000000 FLAT	Length= 00000000 External STDCALL
Crlf . . . . . . . . . . . . . .	P Near	 00000000 FLAT	Length= 00000000 External STDCALL
Decryption . . . . . . . . . . .	P Near	 000002F0 _TEXT	Length= 00000000 Public STDCALL
Delay  . . . . . . . . . . . . .	P Near	 00000000 FLAT	Length= 00000000 External STDCALL
DumpMem  . . . . . . . . . . . .	P Near	 00000000 FLAT	Length= 00000000 External STDCALL
DumpRegs . . . . . . . . . . . .	P Near	 00000000 FLAT	Length= 00000000 External STDCALL
Encryption . . . . . . . . . . .	P Near	 000002B8 _TEXT	Length= 00000000 Public STDCALL
ExitProcess  . . . . . . . . . .	P Near	 00000000 FLAT	Length= 00000000 External STDCALL
FileTimeToDosDateTime  . . . . .	P Near	 00000000 FLAT	Length= 00000000 External STDCALL
FileTimeToSystemTime . . . . . .	P Near	 00000000 FLAT	Length= 00000000 External STDCALL
FlushConsoleInputBuffer  . . . .	P Near	 00000000 FLAT	Length= 00000000 External STDCALL
FormatMessageA . . . . . . . . .	P Near	 00000000 FLAT	Length= 00000000 External STDCALL
GetCommandLineA  . . . . . . . .	P Near	 00000000 FLAT	Length= 00000000 External STDCALL
GetCommandTail . . . . . . . . .	P Near	 00000000 FLAT	Length= 00000000 External STDCALL
GetConsoleCP . . . . . . . . . .	P Near	 00000000 FLAT	Length= 00000000 External STDCALL
GetConsoleCursorInfo . . . . . .	P Near	 00000000 FLAT	Length= 00000000 External STDCALL
GetConsoleMode . . . . . . . . .	P Near	 00000000 FLAT	Length= 00000000 External STDCALL
GetConsoleScreenBufferInfo . . .	P Near	 00000000 FLAT	Length= 00000000 External STDCALL
GetDateTime  . . . . . . . . . .	P Near	 00000000 FLAT	Length= 00000000 External STDCALL
GetFileTime  . . . . . . . . . .	P Near	 00000000 FLAT	Length= 00000000 External STDCALL
GetKeyState  . . . . . . . . . .	P Near	 00000000 FLAT	Length= 00000000 External STDCALL
GetLastError . . . . . . . . . .	P Near	 00000000 FLAT	Length= 00000000 External STDCALL
GetLocalTime . . . . . . . . . .	P Near	 00000000 FLAT	Length= 00000000 External STDCALL
GetMaxXY . . . . . . . . . . . .	P Near	 00000000 FLAT	Length= 00000000 External STDCALL
GetMseconds  . . . . . . . . . .	P Near	 00000000 FLAT	Length= 00000000 External STDCALL
GetNumberOfConsoleInputEvents  .	P Near	 00000000 FLAT	Length= 00000000 External STDCALL
GetProcessHeap . . . . . . . . .	P Near	 00000000 FLAT	Length= 00000000 External STDCALL
GetStdHandle . . . . . . . . . .	P Near	 00000000 FLAT	Length= 00000000 External STDCALL
GetSystemTime  . . . . . . . . .	P Near	 00000000 FLAT	Length= 00000000 External STDCALL
GetTextColor . . . . . . . . . .	P Near	 00000000 FLAT	Length= 00000000 External STDCALL
GetTickCount . . . . . . . . . .	P Near	 00000000 FLAT	Length= 00000000 External STDCALL
Gotoxy . . . . . . . . . . . . .	P Near	 00000000 FLAT	Length= 00000000 External STDCALL
HeapAlloc  . . . . . . . . . . .	P Near	 00000000 FLAT	Length= 00000000 External STDCALL
HeapCreate . . . . . . . . . . .	P Near	 00000000 FLAT	Length= 00000000 External STDCALL
HeapDestroy  . . . . . . . . . .	P Near	 00000000 FLAT	Length= 00000000 External STDCALL
HeapFree . . . . . . . . . . . .	P Near	 00000000 FLAT	Length= 00000000 External STDCALL
HeapSize . . . . . . . . . . . .	P Near	 00000000 FLAT	Length= 00000000 External STDCALL
IsDigit  . . . . . . . . . . . .	P Near	 00000000 FLAT	Length= 00000000 External STDCALL
LocalFree  . . . . . . . . . . .	P Near	 00000000 FLAT	Length= 00000000 External STDCALL
MessageBoxA  . . . . . . . . . .	P Near	 00000000 FLAT	Length= 00000000 External STDCALL
MsgBoxAsk  . . . . . . . . . . .	P Near	 00000000 FLAT	Length= 00000000 External STDCALL
MsgBox . . . . . . . . . . . . .	P Near	 00000000 FLAT	Length= 00000000 External STDCALL
OpenInputFile  . . . . . . . . .	P Near	 00000000 FLAT	Length= 00000000 External STDCALL
ParseDecimal32 . . . . . . . . .	P Near	 00000000 FLAT	Length= 00000000 External STDCALL
ParseInteger32 . . . . . . . . .	P Near	 00000000 FLAT	Length= 00000000 External STDCALL
PeekConsoleInputA  . . . . . . .	P Near	 00000000 FLAT	Length= 00000000 External STDCALL
PseudoRandDecrypt  . . . . . . .	P Near	 000002B8 _TEXT	Length= 00000038 Public STDCALL
  _K . . . . . . . . . . . . . .	DWord	 bp + 00000008
  _output  . . . . . . . . . . .	DWord	 bp + 0000000C
  _R0  . . . . . . . . . . . . .	DWord	 bp + 00000010
  _input . . . . . . . . . . . .	DWord	 bp + 00000014
  _MAX . . . . . . . . . . . . .	DWord	 bp + 00000018
  _T . . . . . . . . . . . . . .	DWord	 bp + 0000001C
  L1 . . . . . . . . . . . . . .	L Near	 000002C7 _TEXT	
  ShouldWeLoop . . . . . . . . .	L Near	 000002E4 _TEXT	
  No . . . . . . . . . . . . . .	L Near	 000002EB _TEXT	
PseudoRandEncrypt  . . . . . . .	P Near	 00000276 _TEXT	Length= 00000042 Public STDCALL
  _K . . . . . . . . . . . . . .	DWord	 bp + 00000008
  _output  . . . . . . . . . . .	DWord	 bp + 0000000C
  _R0  . . . . . . . . . . . . .	DWord	 bp + 00000010
  _input . . . . . . . . . . . .	DWord	 bp + 00000014
  _MAX . . . . . . . . . . . . .	DWord	 bp + 00000018
  _T . . . . . . . . . . . . . .	DWord	 bp + 0000001C
  L1 . . . . . . . . . . . . . .	L Near	 00000285 _TEXT	
  ShouldWeLoop . . . . . . . . .	L Near	 000002AC _TEXT	
  No . . . . . . . . . . . . . .	L Near	 000002B3 _TEXT	
Random32 . . . . . . . . . . . .	P Near	 00000000 FLAT	Length= 00000000 External STDCALL
RandomRange  . . . . . . . . . .	P Near	 00000000 FLAT	Length= 00000000 External STDCALL
Randomize  . . . . . . . . . . .	P Near	 00000000 FLAT	Length= 00000000 External STDCALL
ReadChar . . . . . . . . . . . .	P Near	 00000000 FLAT	Length= 00000000 External STDCALL
ReadConsoleA . . . . . . . . . .	P Near	 00000000 FLAT	Length= 00000000 External STDCALL
ReadConsoleInputA  . . . . . . .	P Near	 00000000 FLAT	Length= 00000000 External STDCALL
ReadDec  . . . . . . . . . . . .	P Near	 00000000 FLAT	Length= 00000000 External STDCALL
ReadFile . . . . . . . . . . . .	P Near	 00000000 FLAT	Length= 00000000 External STDCALL
ReadFloat  . . . . . . . . . . .	P Near	 00000000 FLAT	Length= 00000000 External STDCALL
ReadFromFile . . . . . . . . . .	P Near	 00000000 FLAT	Length= 00000000 External STDCALL
ReadHex  . . . . . . . . . . . .	P Near	 00000000 FLAT	Length= 00000000 External STDCALL
ReadInt  . . . . . . . . . . . .	P Near	 00000000 FLAT	Length= 00000000 External STDCALL
ReadKeyFlush . . . . . . . . . .	P Near	 00000000 FLAT	Length= 00000000 External STDCALL
ReadKey  . . . . . . . . . . . .	P Near	 00000000 FLAT	Length= 00000000 External STDCALL
ReadString . . . . . . . . . . .	P Near	 00000000 FLAT	Length= 00000000 External STDCALL
SetConsoleCursorInfo . . . . . .	P Near	 00000000 FLAT	Length= 00000000 External STDCALL
SetConsoleCursorPosition . . . .	P Near	 00000000 FLAT	Length= 00000000 External STDCALL
SetConsoleMode . . . . . . . . .	P Near	 00000000 FLAT	Length= 00000000 External STDCALL
SetConsoleScreenBufferSize . . .	P Near	 00000000 FLAT	Length= 00000000 External STDCALL
SetConsoleTextAttribute  . . . .	P Near	 00000000 FLAT	Length= 00000000 External STDCALL
SetConsoleTitleA . . . . . . . .	P Near	 00000000 FLAT	Length= 00000000 External STDCALL
SetConsoleWindowInfo . . . . . .	P Near	 00000000 FLAT	Length= 00000000 External STDCALL
SetFilePointer . . . . . . . . .	P Near	 00000000 FLAT	Length= 00000000 External STDCALL
SetLocalTime . . . . . . . . . .	P Near	 00000000 FLAT	Length= 00000000 External STDCALL
SetTextColor . . . . . . . . . .	P Near	 00000000 FLAT	Length= 00000000 External STDCALL
ShowFPUStack . . . . . . . . . .	P Near	 00000000 FLAT	Length= 00000000 External STDCALL
Sleep  . . . . . . . . . . . . .	P Near	 00000000 FLAT	Length= 00000000 External STDCALL
StrLength  . . . . . . . . . . .	P Near	 00000000 FLAT	Length= 00000000 External STDCALL
Str_compare  . . . . . . . . . .	P Near	 00000000 FLAT	Length= 00000000 External STDCALL
Str_copy . . . . . . . . . . . .	P Near	 00000000 FLAT	Length= 00000000 External STDCALL
Str_length . . . . . . . . . . .	P Near	 00000000 FLAT	Length= 00000000 External STDCALL
Str_trim . . . . . . . . . . . .	P Near	 00000000 FLAT	Length= 00000000 External STDCALL
Str_ucase  . . . . . . . . . . .	P Near	 00000000 FLAT	Length= 00000000 External STDCALL
SystemTimeToFileTime . . . . . .	P Near	 00000000 FLAT	Length= 00000000 External STDCALL
WaitMsg  . . . . . . . . . . . .	P Near	 00000000 FLAT	Length= 00000000 External STDCALL
WriteBinB  . . . . . . . . . . .	P Near	 00000000 FLAT	Length= 00000000 External STDCALL
WriteBin . . . . . . . . . . . .	P Near	 00000000 FLAT	Length= 00000000 External STDCALL
WriteChar  . . . . . . . . . . .	P Near	 00000000 FLAT	Length= 00000000 External STDCALL
WriteConsoleA  . . . . . . . . .	P Near	 00000000 FLAT	Length= 00000000 External STDCALL
WriteConsoleOutputAttribute  . .	P Near	 00000000 FLAT	Length= 00000000 External STDCALL
WriteConsoleOutputCharacterA . .	P Near	 00000000 FLAT	Length= 00000000 External STDCALL
WriteDec . . . . . . . . . . . .	P Near	 00000000 FLAT	Length= 00000000 External STDCALL
WriteFile  . . . . . . . . . . .	P Near	 00000000 FLAT	Length= 00000000 External STDCALL
WriteFloat . . . . . . . . . . .	P Near	 00000000 FLAT	Length= 00000000 External STDCALL
WriteHexB  . . . . . . . . . . .	P Near	 00000000 FLAT	Length= 00000000 External STDCALL
WriteHex . . . . . . . . . . . .	P Near	 00000000 FLAT	Length= 00000000 External STDCALL
WriteInt . . . . . . . . . . . .	P Near	 00000000 FLAT	Length= 00000000 External STDCALL
WriteStackFrameName  . . . . . .	P Near	 00000000 FLAT	Length= 00000000 External STDCALL
WriteStackFrame  . . . . . . . .	P Near	 00000000 FLAT	Length= 00000000 External STDCALL
WriteString  . . . . . . . . . .	P Near	 00000000 FLAT	Length= 00000000 External STDCALL
WriteToFile  . . . . . . . . . .	P Near	 00000000 FLAT	Length= 00000000 External STDCALL
WriteWindowsMsg  . . . . . . . .	P Near	 00000000 FLAT	Length= 00000000 External STDCALL
main . . . . . . . . . . . . . .	P Near	 00000000 _TEXT	Length= 00000276 Public STDCALL
  Initial  . . . . . . . . . . .	L Near	 00000000 _TEXT	
  Decrypt  . . . . . . . . . . .	L Near	 0000012B _TEXT	
  OpenFileError  . . . . . . . .	L Near	 0000023A _TEXT	
  file_readError . . . . . . . .	L Near	 0000024E _TEXT	
  writeFalse_Error . . . . . . .	L Near	 00000262 _TEXT	
printf . . . . . . . . . . . . .	P Near	 00000000 FLAT	Length= 00000000 External C
scanf  . . . . . . . . . . . . .	P Near	 00000000 FLAT	Length= 00000000 External C
wsprintfA  . . . . . . . . . . .	P Near	 00000000 FLAT	Length= 00000000 External C


Symbols:

                N a m e                 Type     Value    Attr

@CodeSize  . . . . . . . . . . .	Number	 00000000h   
@DataSize  . . . . . . . . . . .	Number	 00000000h   
@Interface . . . . . . . . . . .	Number	 00000003h   
@Model . . . . . . . . . . . . .	Number	 00000007h   
@code  . . . . . . . . . . . . .	Text   	 _TEXT
@data  . . . . . . . . . . . . .	Text   	 FLAT
@fardata?  . . . . . . . . . . .	Text   	 FLAT
@fardata . . . . . . . . . . . .	Text   	 FLAT
@stack . . . . . . . . . . . . .	Text   	 FLAT
ALT_MASK . . . . . . . . . . . .	Number	 00000003h   
BUFFER . . . . . . . . . . . . .	Number	 00003A98h   
CAPSLOCK_ON  . . . . . . . . . .	Number	 00000080h   
CREATE_ALWAYS  . . . . . . . . .	Number	 00000002h   
CREATE_NEW . . . . . . . . . . .	Number	 00000001h   
CTRL_MASK  . . . . . . . . . . .	Number	 0000000Ch   
CreateFile . . . . . . . . . . .	Text   	 CreateFileA
DO_NOT_SHARE . . . . . . . . . .	Number	 00000000h   
ENABLE_ECHO_INPUT  . . . . . . .	Number	 00000004h   
ENABLE_LINE_INPUT  . . . . . . .	Number	 00000002h   
ENABLE_MOUSE_INPUT . . . . . . .	Number	 00000010h   
ENABLE_PROCESSED_INPUT . . . . .	Number	 00000001h   
ENABLE_PROCESSED_OUTPUT  . . . .	Number	 00000001h   
ENABLE_WINDOW_INPUT  . . . . . .	Number	 00000008h   
ENABLE_WRAP_AT_EOL_OUTPUT  . . .	Number	 00000002h   
ENHANCED_KEY . . . . . . . . . .	Number	 00000100h   
FALSE  . . . . . . . . . . . . .	Number	 00000000h   
FILE_APPEND_DATA . . . . . . . .	Number	 00000004h   
FILE_ATTRIBUTE_ARCHIVE . . . . .	Number	 00000020h   
FILE_ATTRIBUTE_COMPRESSED  . . .	Number	 00000800h   
FILE_ATTRIBUTE_DEVICE  . . . . .	Number	 00000040h   
FILE_ATTRIBUTE_DIRECTORY . . . .	Number	 00000010h   
FILE_ATTRIBUTE_ENCRYPTED . . . .	Number	 00004000h   
FILE_ATTRIBUTE_HIDDEN  . . . . .	Number	 00000002h   
FILE_ATTRIBUTE_NORMAL  . . . . .	Number	 00000080h   
FILE_ATTRIBUTE_NOT_CONTENT_INDEXED .	Number	 00002000h   
FILE_ATTRIBUTE_OFFLINE . . . . .	Number	 00001000h   
FILE_ATTRIBUTE_READONLY  . . . .	Number	 00000001h   
FILE_ATTRIBUTE_REPARSE_POINT . .	Number	 00000400h   
FILE_ATTRIBUTE_SPARSE_FILE . . .	Number	 00000200h   
FILE_ATTRIBUTE_SYSTEM  . . . . .	Number	 00000004h   
FILE_ATTRIBUTE_TEMPORARY . . . .	Number	 00000100h   
FILE_BEGIN . . . . . . . . . . .	Number	 00000000h   
FILE_CURRENT . . . . . . . . . .	Number	 00000001h   
FILE_DELETE_CHILD  . . . . . . .	Number	 00000040h   
FILE_END . . . . . . . . . . . .	Number	 00000002h   
FILE_READ_DATA . . . . . . . . .	Number	 00000001h   
FILE_SHARE_DELETE  . . . . . . .	Number	 00000004h   
FILE_SHARE_READ  . . . . . . . .	Number	 00000001h   
FILE_SHARE_WRITE . . . . . . . .	Number	 00000002h   
FILE_WRITE_DATA  . . . . . . . .	Number	 00000002h   
FOCUS_EVENT  . . . . . . . . . .	Number	 00000010h   
FORMAT_MESSAGE_ALLOCATE_BUFFER .	Number	 00000100h   
FORMAT_MESSAGE_FROM_SYSTEM . . .	Number	 00001000h   
FormatMessage  . . . . . . . . .	Text   	 FormatMessageA
GENERIC_ALL  . . . . . . . . . .	Number	 10000000h   
GENERIC_EXECUTE  . . . . . . . .	Number	 20000000h   
GENERIC_READ . . . . . . . . . .	Number	 -80000000h   
GENERIC_WRITE  . . . . . . . . .	Number	 40000000h   
GetCommandLine . . . . . . . . .	Text   	 GetCommandLineA
HANDLE . . . . . . . . . . . . .	Text   	 DWORD
HEAP_GENERATE_EXCEPTIONS . . . .	Number	 00000004h   
HEAP_GROWABLE  . . . . . . . . .	Number	 00000002h   
HEAP_NO_SERIALIZE  . . . . . . .	Number	 00000001h   
HEAP_REALLOC_IN_PLACE_ONLY . . .	Number	 00000010h   
HEAP_ZERO_MEMORY . . . . . . . .	Number	 00000008h   
IDABORT  . . . . . . . . . . . .	Number	 00000003h   
IDCANCEL . . . . . . . . . . . .	Number	 00000002h   
IDCLOSE  . . . . . . . . . . . .	Number	 00000008h   
IDCONTINUE . . . . . . . . . . .	Number	 0000000Bh   
IDHELP . . . . . . . . . . . . .	Number	 00000009h   
IDIGNORE . . . . . . . . . . . .	Number	 00000005h   
IDNO . . . . . . . . . . . . . .	Number	 00000007h   
IDOK . . . . . . . . . . . . . .	Number	 00000001h   
IDRETRY  . . . . . . . . . . . .	Number	 00000004h   
IDTIMEOUT  . . . . . . . . . . .	Number	 00007D00h   
IDTRYAGAIN . . . . . . . . . . .	Number	 0000000Ah   
IDYES  . . . . . . . . . . . . .	Number	 00000006h   
INVALID_HANDLE_VALUE . . . . . .	Number	 -00000001h   
KBDOWN_FLAG  . . . . . . . . . .	Number	 00000001h   
KEY_EVENT  . . . . . . . . . . .	Number	 00000001h   
KEY_MASKS  . . . . . . . . . . .	Number	 0000001Fh   
K  . . . . . . . . . . . . . . .	DWord	 000076F0 _DATA	
LEFT_ALT_PRESSED . . . . . . . .	Number	 00000002h   
LEFT_CTRL_PRESSED  . . . . . . .	Number	 00000008h   
MB_ABORTRETRYIGNORE  . . . . . .	Number	 00000002h   
MB_APPLMODAL . . . . . . . . . .	Number	 00000000h   
MB_CANCELTRYCONTINUE . . . . . .	Number	 00000006h   
MB_DEFBUTTON1  . . . . . . . . .	Number	 00000000h   
MB_DEFBUTTON2  . . . . . . . . .	Number	 00000100h   
MB_DEFBUTTON3  . . . . . . . . .	Number	 00000200h   
MB_DEFBUTTON4  . . . . . . . . .	Number	 00000300h   
MB_HELP  . . . . . . . . . . . .	Number	 00004000h   
MB_ICONASTERISK  . . . . . . . .	Number	 00000040h   
MB_ICONERROR . . . . . . . . . .	Number	 00000010h   
MB_ICONEXCLAMATION . . . . . . .	Number	 00000030h   
MB_ICONHAND  . . . . . . . . . .	Number	 00000010h   
MB_ICONINFORMATION . . . . . . .	Number	 00000040h   
MB_ICONQUESTION  . . . . . . . .	Number	 00000020h   
MB_ICONSTOP  . . . . . . . . . .	Number	 00000010h   
MB_ICONWARNING . . . . . . . . .	Number	 00000030h   
MB_OKCANCEL  . . . . . . . . . .	Number	 00000001h   
MB_OK  . . . . . . . . . . . . .	Number	 00000000h   
MB_RETRYCANCEL . . . . . . . . .	Number	 00000005h   
MB_SYSTEMMODAL . . . . . . . . .	Number	 00001000h   
MB_TASKMODAL . . . . . . . . . .	Number	 00002000h   
MB_USERICON  . . . . . . . . . .	Number	 00000080h   
MB_YESNOCANCEL . . . . . . . . .	Number	 00000003h   
MB_YESNO . . . . . . . . . . . .	Number	 00000004h   
MENU_EVENT . . . . . . . . . . .	Number	 00000008h   
MOUSE_EVENT  . . . . . . . . . .	Number	 00000002h   
MessageBox . . . . . . . . . . .	Text   	 MessageBoxA
NULL . . . . . . . . . . . . . .	Number	 00000000h   
NUMLOCK_ON . . . . . . . . . . .	Number	 00000020h   
OPEN_ALWAYS  . . . . . . . . . .	Number	 00000004h   
OPEN_EXISTING  . . . . . . . . .	Number	 00000003h   
PeekConsoleInput . . . . . . . .	Text   	 PeekConsoleInputA
R0 . . . . . . . . . . . . . . .	DWord	 000076F4 _DATA	
RIGHT_ALT_PRESSED  . . . . . . .	Number	 00000001h   
RIGHT_CTRL_PRESSED . . . . . . .	Number	 00000004h   
ReadConsoleInput . . . . . . . .	Text   	 ReadConsoleInputA
ReadConsole  . . . . . . . . . .	Text   	 ReadConsoleA
SCROLLLOCK_ON  . . . . . . . . .	Number	 00000040h   
SHIFT_MASK . . . . . . . . . . .	Number	 00000010h   
SHIFT_PRESSED  . . . . . . . . .	Number	 00000010h   
STD_ERROR_HANDLE . . . . . . . .	Number	 -0000000Ch   
STD_INPUT_HANDLE . . . . . . . .	Number	 -0000000Ah   
STD_OUTPUT_HANDLE  . . . . . . .	Number	 -0000000Bh   
SetConsoleTitle  . . . . . . . .	Text   	 SetConsoleTitleA
TAB  . . . . . . . . . . . . . .	Number	 00000009h   
TRUE . . . . . . . . . . . . . .	Number	 00000001h   
TRUNCATE_EXISTING  . . . . . . .	Number	 00000005h   
T  . . . . . . . . . . . . . . .	DWord	 000076EC _DATA	
VK_11  . . . . . . . . . . . . .	Number	 000000BDh   
VK_12  . . . . . . . . . . . . .	Number	 000000BBh   
VK_ADD . . . . . . . . . . . . .	Number	 0000006Bh   
VK_BACK  . . . . . . . . . . . .	Number	 00000008h   
VK_CANCEL  . . . . . . . . . . .	Number	 00000003h   
VK_CAPITAL . . . . . . . . . . .	Number	 00000014h   
VK_CLEAR . . . . . . . . . . . .	Number	 0000000Ch   
VK_CONTROL . . . . . . . . . . .	Number	 00000011h   
VK_DECIMAL . . . . . . . . . . .	Number	 0000006Eh   
VK_DELETE  . . . . . . . . . . .	Number	 0000002Eh   
VK_DIVIDE  . . . . . . . . . . .	Number	 0000006Fh   
VK_DOWN  . . . . . . . . . . . .	Number	 00000028h   
VK_END . . . . . . . . . . . . .	Number	 00000023h   
VK_ESCAPE  . . . . . . . . . . .	Number	 0000001Bh   
VK_EXECUTE . . . . . . . . . . .	Number	 0000002Bh   
VK_F10 . . . . . . . . . . . . .	Number	 00000079h   
VK_F11 . . . . . . . . . . . . .	Number	 0000007Ah   
VK_F12 . . . . . . . . . . . . .	Number	 0000007Bh   
VK_F13 . . . . . . . . . . . . .	Number	 0000007Ch   
VK_F14 . . . . . . . . . . . . .	Number	 0000007Dh   
VK_F15 . . . . . . . . . . . . .	Number	 0000007Eh   
VK_F16 . . . . . . . . . . . . .	Number	 0000007Fh   
VK_F17 . . . . . . . . . . . . .	Number	 00000080h   
VK_F18 . . . . . . . . . . . . .	Number	 00000081h   
VK_F19 . . . . . . . . . . . . .	Number	 00000082h   
VK_F1  . . . . . . . . . . . . .	Number	 00000070h   
VK_F20 . . . . . . . . . . . . .	Number	 00000083h   
VK_F21 . . . . . . . . . . . . .	Number	 00000084h   
VK_F22 . . . . . . . . . . . . .	Number	 00000085h   
VK_F23 . . . . . . . . . . . . .	Number	 00000086h   
VK_F24 . . . . . . . . . . . . .	Number	 00000087h   
VK_F2  . . . . . . . . . . . . .	Number	 00000071h   
VK_F3  . . . . . . . . . . . . .	Number	 00000072h   
VK_F4  . . . . . . . . . . . . .	Number	 00000073h   
VK_F5  . . . . . . . . . . . . .	Number	 00000074h   
VK_F6  . . . . . . . . . . . . .	Number	 00000075h   
VK_F7  . . . . . . . . . . . . .	Number	 00000076h   
VK_F8  . . . . . . . . . . . . .	Number	 00000077h   
VK_F9  . . . . . . . . . . . . .	Number	 00000078h   
VK_HELP  . . . . . . . . . . . .	Number	 0000002Fh   
VK_HOME  . . . . . . . . . . . .	Number	 00000024h   
VK_INSERT  . . . . . . . . . . .	Number	 0000002Dh   
VK_LBUTTON . . . . . . . . . . .	Number	 00000001h   
VK_LCONTROL  . . . . . . . . . .	Number	 000000A2h   
VK_LEFT  . . . . . . . . . . . .	Number	 00000025h   
VK_LMENU . . . . . . . . . . . .	Number	 000000A4h   
VK_LSHIFT  . . . . . . . . . . .	Number	 000000A0h   
VK_MENU  . . . . . . . . . . . .	Number	 00000012h   
VK_MULTIPLY  . . . . . . . . . .	Number	 0000006Ah   
VK_NEXT  . . . . . . . . . . . .	Number	 00000022h   
VK_NUMLOCK . . . . . . . . . . .	Number	 00000090h   
VK_NUMPAD0 . . . . . . . . . . .	Number	 00000060h   
VK_NUMPAD1 . . . . . . . . . . .	Number	 00000061h   
VK_NUMPAD2 . . . . . . . . . . .	Number	 00000062h   
VK_NUMPAD3 . . . . . . . . . . .	Number	 00000063h   
VK_NUMPAD4 . . . . . . . . . . .	Number	 00000064h   
VK_NUMPAD5 . . . . . . . . . . .	Number	 00000065h   
VK_NUMPAD6 . . . . . . . . . . .	Number	 00000066h   
VK_NUMPAD7 . . . . . . . . . . .	Number	 00000067h   
VK_NUMPAD8 . . . . . . . . . . .	Number	 00000068h   
VK_NUMPAD9 . . . . . . . . . . .	Number	 00000069h   
VK_PAUSE . . . . . . . . . . . .	Number	 00000013h   
VK_PRINT . . . . . . . . . . . .	Number	 0000002Ah   
VK_PRIOR . . . . . . . . . . . .	Number	 00000021h   
VK_RBUTTON . . . . . . . . . . .	Number	 00000002h   
VK_RCONTROL  . . . . . . . . . .	Number	 000000A3h   
VK_RETURN  . . . . . . . . . . .	Number	 0000000Dh   
VK_RIGHT . . . . . . . . . . . .	Number	 00000027h   
VK_RMENU . . . . . . . . . . . .	Number	 000000A5h   
VK_RSHIFT  . . . . . . . . . . .	Number	 000000A1h   
VK_SCROLL  . . . . . . . . . . .	Number	 00000091h   
VK_SEPARATER . . . . . . . . . .	Number	 0000006Ch   
VK_SHIFT . . . . . . . . . . . .	Number	 00000010h   
VK_SNAPSHOT  . . . . . . . . . .	Number	 0000002Ch   
VK_SPACE . . . . . . . . . . . .	Number	 00000020h   
VK_SUBTRACT  . . . . . . . . . .	Number	 0000006Dh   
VK_TAB . . . . . . . . . . . . .	Number	 00000009h   
VK_UP  . . . . . . . . . . . . .	Number	 00000026h   
WINDOW_BUFFER_SIZE_EVENT . . . .	Number	 00000004h   
WriteConsoleOutputCharacter  . .	Text   	 WriteConsoleOutputCharacterA
WriteConsole . . . . . . . . . .	Text   	 WriteConsoleA
black  . . . . . . . . . . . . .	Number	 00000000h   
blue . . . . . . . . . . . . . .	Number	 00000001h   
brown  . . . . . . . . . . . . .	Number	 00000006h   
cPrompt  . . . . . . . . . . . .	Byte	 00000055 _DATA	
choice . . . . . . . . . . . . .	Byte	 00000125 _DATA	
countPrompt  . . . . . . . . . .	Byte	 000000BE _DATA	
cyan . . . . . . . . . . . . . .	Number	 00000003h   
dPrompt  . . . . . . . . . . . .	Byte	 0000010A _DATA	
decryptKey . . . . . . . . . . .	DWord	 0000012E _DATA	
ePrompt  . . . . . . . . . . . .	Byte	 000000EF _DATA	
encryptKey . . . . . . . . . . .	DWord	 0000012A _DATA	
exit . . . . . . . . . . . . . .	Text   	 INVOKE ExitProcess,0
fileData . . . . . . . . . . . .	Byte	 000001BB _DATA	
fileHandle . . . . . . . . . . .	DWord	 00000174 _DATA	
gray . . . . . . . . . . . . . .	Number	 00000008h   
green  . . . . . . . . . . . . .	Number	 00000002h   
iBuffer  . . . . . . . . . . . .	Byte	 0000014E _DATA	
iByteCount . . . . . . . . . . .	DWord	 0000016C _DATA	
inFileName . . . . . . . . . . .	DWord	 00000170 _DATA	
inFilePrompt . . . . . . . . . .	Byte	 00000132 _DATA	
inputError . . . . . . . . . . .	Byte	 00000000 _DATA	
lightBlue  . . . . . . . . . . .	Number	 00000009h   
lightCyan  . . . . . . . . . . .	Number	 0000000Bh   
lightGray  . . . . . . . . . . .	Number	 00000007h   
lightGreen . . . . . . . . . . .	Number	 0000000Ah   
lightMagenta . . . . . . . . . .	Number	 0000000Dh   
lightRed . . . . . . . . . . . .	Number	 0000000Ch   
magenta  . . . . . . . . . . . .	Number	 00000005h   
manipData  . . . . . . . . . . .	Byte	 00003C54 _DATA	
multPrompt . . . . . . . . . . .	Byte	 000000A1 _DATA	
nPrompt  . . . . . . . . . . . .	Byte	 00000086 _DATA	
nValue . . . . . . . . . . . . .	DWord	 00000126 _DATA	
oBuffer  . . . . . . . . . . . .	Byte	 00000199 _DATA	
outFilePrompt  . . . . . . . . .	Byte	 00000178 _DATA	
outFilename  . . . . . . . . . .	DWord	 000001B7 _DATA	
readinError  . . . . . . . . . .	Byte	 0000001A _DATA	
red  . . . . . . . . . . . . . .	Number	 00000004h   
seedPrompt . . . . . . . . . . .	Byte	 000000D8 _DATA	
white  . . . . . . . . . . . . .	Number	 0000000Fh   
writeError . . . . . . . . . . .	Byte	 00000038 _DATA	
wsprintf . . . . . . . . . . . .	Text   	 wsprintfA
yellow . . . . . . . . . . . . .	Number	 0000000Eh   

	   0 Warnings
	   0 Errors
